2026-08-28 23:08:28,317 | check_status | INFO | Directory Passed Status Check...
2026-08-28 23:08:28,393 | __main__ | INFO | Copied Dir:C:\Users\SAMUEL\Desktop\spam to Destination :C:\Users\SAMUEL\Desktop\marley
2026-08-28 23:08:37,710 | check_status | INFO | Directory Passed Status Check...
2026-08-28 23:08:37,715 | __main__ | INFO | Copied Dir:C:\Users\SAMUEL\Desktop\spam to Destination :C:\Users\SAMUEL\Desktop\marley
2026-08-28 23:09:39,589 | check_status | INFO | Directory Passed Status Check...
2026-08-28 23:09:39,592 | __main__ | INFO | Copied Dir:C:\Users\SAMUEL\Desktop\spam to Destination :C:\Users\SAMUEL\Desktop\marley
2026-08-28 23:09:41,722 | check_status | INFO | Directory Passed Status Check...
2026-08-28 23:09:41,725 | __main__ | INFO | Copied Dir:C:\Users\SAMUEL\Desktop\spam to Destination :C:\Users\SAMUEL\Desktop\marley
2026-08-28 23:14:50,510 | check_status | INFO | Directory Passed Status Check...
2026-08-28 23:15:05,275 | check_status | INFO | Directory Passed Status Check...
2026-08-28 23:15:05,280 | __main__ | INFO | Copied Dir:C:\Users\SAMUEL\Desktop\spam to Destination :C:\Users\SAMUEL\Desktop\marley
2026-08-28 23:21:33,147 | check_status | INFO | File Passed Status Check...
2026-08-28 23:21:51,165 | check_status | INFO | File Passed Status Check...
2026-08-28 23:21:51,271 | __main__ | INFO | Moved File :C:\Users\SAMUEL\Desktop\spam\spam.txt to Destination :C:\Users\SAMUEL\Desktop\marley
2026-08-28 23:23:02,580 | check_status | INFO | Directory Passed Status Check...
2026-08-28 23:23:02,581 | __main__ | INFO | Moved Dir:C:\Users\SAMUEL\Desktop\spam to Destination :C:\Users\SAMUEL\Desktop\marley
2026-08-28 23:23:34,139 | check_status | INFO | Directory Passed Status Check...
2026-08-28 23:23:34,141 | __main__ | INFO | Moved Dir:C:\Users\SAMUEL\Desktop\spam to Destination : C:\Users\SAMUEL\Desktop\marley
2026-08-28 23:24:24,188 | check_status | INFO | Directory Passed Status Check...
2026-08-28 23:24:24,190 | __main__ | INFO | Moved Dir:C:\Users\SAMUEL\Desktop\spam to Destination : C:\Users\SAMUEL\Desktop\marley
2026-08-28 23:26:24,392 | check_status | INFO | Directory Passed Status Check...
2026-08-28 23:26:24,394 | __main__ | INFO | Moved Dir:C:\Users\SAMUEL\Desktop\spam to Destination : C:\Users\SAMUEL\Desktop\marley
2026-08-28 23:41:30,339 | check_status | INFO | Directory Passed Status Check...
2026-08-28 23:41:30,343 | __main__ | INFO | Moved Dir:C:\Users\SAMUEL\Desktop\spam to Destination : C:\Users\SAMUEL\Desktop\marley
2026-08-28 23:44:06,041 | check_status | INFO | Directory Passed Status Check...
2026-08-28 23:44:06,043 | __main__ | INFO | Moved Dir:C:\Users\SAMUEL\Desktop\spam to Destination : C:\Users\SAMUEL\Desktop\marley
2026-08-28 23:44:17,086 | check_status | INFO | Directory Passed Status Check...
2026-08-28 23:44:17,088 | __main__ | INFO | Moved Dir:C:\Users\SAMUEL\Desktop\spam to Destination : C:\Users\SAMUEL\Desktop\marley
2026-08-28 23:44:56,205 | check_status | INFO | Directory Passed Status Check...
2026-08-28 23:44:56,208 | __main__ | INFO | Moved Dir:C:\Users\SAMUEL\Desktop\spam to Destination : C:\Users\SAMUEL\Desktop\marley
2026-08-28 23:44:59,583 | check_status | INFO | Directory Passed Status Check...
2026-08-28 23:44:59,586 | __main__ | INFO | Moved Dir:C:\Users\SAMUEL\Desktop\spam to Destination : C:\Users\SAMUEL\Desktop\marley
2026-08-28 23:45:00,291 | check_status | INFO | Directory Passed Status Check...
2026-08-28 23:45:00,292 | __main__ | INFO | Moved Dir:C:\Users\SAMUEL\Desktop\spam to Destination : C:\Users\SAMUEL\Desktop\marley
2026-08-28 23:45:39,739 | check_status | INFO | Directory Passed Status Check...
2026-08-28 23:45:39,743 | __main__ | INFO | Moved Dir:C:\Users\SAMUEL\Desktop\marley to Destination : C:\Users\SAMUEL\Desktop\spam
2026-08-28 23:46:37,136 | check_status | INFO | Directory Passed Status Check...
2026-08-28 23:46:37,141 | __main__ | INFO | Moved Dir:C:\Users\SAMUEL\Desktop\marley to Destination : C:\Users\SAMUEL\Desktop\spam
2026-08-28 23:47:17,241 | check_status | ERROR | Directory Failed Status Check...
2026-08-28 23:47:31,023 | check_status | INFO | File Passed Status Check...
2026-08-28 23:49:44,639 | check_status | ERROR | Failed to get Direvtory Path....
2026-08-28 23:50:25,351 | check_status | ERROR | Failed to get Directory Path....
2026-08-28 23:52:06,005 | check_status | ERROR | Failed to get Direvtory Path....
2026-08-28 23:52:27,355 | check_status | ERROR | Failed to get Direvtory Path....
2026-08-28 23:53:56,374 | check_status | ERROR | Failed to get Direvtory Path....
2026-08-28 23:54:48,760 | check_status | INFO | Directory Passed Status Check...
2026-08-28 23:54:48,764 | __main__ | INFO | Moved Dir:C:\Users\SAMUEL\Desktop\Thonny\spam to Destination : C:\Users\SAMUEL\Desktop
2026-08-28 23:55:41,778 | check_status | INFO | Directory Passed Status Check...
2026-08-28 23:55:55,910 | check_status | INFO | Directory Passed Status Check...
2026-08-28 23:55:55,913 | __main__ | INFO | Moved Dir:C:\Users\SAMUEL\Desktop\Thonny\spam to Destination : C:\Users\SAMUEL\Desktop
2026-08-28 23:58:35,986 | check_status | ERROR | Directory Failed Status Check...
2026-08-28 23:58:51,039 | check_status | INFO | File Passed Status Check...
2026-08-28 23:58:51,042 | __main__ | INFO | Moved File :C:\Users\SAMUEL\Desktop\spam\spam.txt to Destination : C:\Users\SAMUEL\Desktop
2026-08-28 23:59:43,316 | check_status | INFO | File Passed Status Check...
2026-08-28 23:59:43,319 | __main__ | INFO | Moved File :C:\Users\SAMUEL\Desktop\spam.txt to Destination : C:\Users\SAMUEL\Desktop\spam
2026-08-29 00:00:29,854 | check_status | INFO | Directory Passed Status Check...
2026-08-29 00:00:29,857 | __main__ | INFO | Moved Dir:C:\Users\SAMUEL\Desktop\spam to Destination : C:\Users\SAMUEL\Desktop\Thonny
2026-08-29 00:01:04,994 | check_status | INFO | Directory Passed Status Check...
2026-08-29 00:01:04,997 | __main__ | INFO | Moved Dir:C:\Users\SAMUEL\Desktop\Thonny\spam to Destination : C:\Users\SAMUEL\Desktop
2026-08-30 08:37:14,436 | check_status | INFO | Directory Passed Status Check...
2026-08-30 08:37:14,656 | __main__ | INFO | Path :C:\Users\SAMUEL\Desktop\db Sent Trash
2026-08-30 08:39:03,661 | check_status | INFO | Directory Passed Status Check...
2026-08-30 08:39:03,762 | __main__ | INFO | Sent to Trash...Path : C:\Users\SAMUEL\Desktop\db
2026-08-30 09:07:36,808 | check_status | INFO | Directory Passed Status Check...
2026-08-30 09:08:28,892 | check_status | INFO | Directory Passed Status Check...
2026-08-30 09:08:53,452 | check_status | INFO | Directory Passed Status Check...
2026-08-30 09:09:32,046 | check_status | INFO | Directory Passed Status Check...
2026-08-30 09:09:40,206 | check_status | INFO | Directory Passed Status Check...
2026-08-30 09:10:14,013 | check_status | INFO | Directory Passed Status Check...
2026-08-30 09:10:36,410 | check_status | INFO | Directory Passed Status Check...
2026-08-30 09:11:22,456 | check_status | INFO | Directory Passed Status Check...
2026-08-30 09:12:03,796 | check_status | INFO | Directory Passed Status Check...
2026-08-30 09:14:09,726 | check_status | INFO | Directory Passed Status Check...
2026-08-30 09:15:27,327 | check_status | INFO | Directory Passed Status Check...
2026-08-30 09:15:50,798 | check_status | INFO | Directory Passed Status Check...
2026-08-30 09:17:01,600 | check_status | INFO | Directory Passed Status Check...
2026-08-30 09:17:01,603 | __main__ | INFO | Path Renamed To ... :[C:\Users\SAMUEL\Desktop\db1]
2026-08-30 09:17:25,340 | check_status | INFO | Directory Passed Status Check...
2026-08-30 09:17:25,490 | __main__ | INFO | Path Renamed To ... :[C:\Users\SAMUEL\Desktop\db]
2026-08-30 09:17:43,621 | check_status | ERROR | Failed to Get File/Directory Path....
2026-08-30 09:18:59,044 | check_status | INFO | Directory Passed Status Check...
2026-08-30 09:19:40,482 | check_status | INFO | Directory Passed Status Check...
2026-08-30 09:19:40,487 | __main__ | INFO | Path Renamed To ... :[C:\Users\SAMUEL\Desktop\db1]
2026-08-30 09:24:37,418 | check_status | INFO | Directory Passed Status Check...
2026-08-30 09:24:52,682 | check_status | INFO | Directory Passed Status Check...
2026-08-30 09:24:52,684 | __main__ | INFO | Path Renamed To ... :[C:\Users\SAMUEL\Desktop\db]
2026-08-30 10:08:22,069 | __main__ | ERROR | Exception - argument should be a str or an os.PathLike object where __fspath__ returns a str, not 'NoneType'
2026-08-30 10:09:00,313 | __main__ | ERROR | Exception - argument should be a str or an os.PathLike object where __fspath__ returns a str, not 'NoneType'
2026-08-30 10:10:37,128 | check_status | INFO | Directory Passed Status Check...
2026-08-30 10:10:37,131 | __main__ | INFO | Moved Dir:[C:\Users\SAMUEL\Desktop\spam] to Destination : [C:\Users\SAMUEL\Desktop\db]
2026-08-30 10:14:33,841 | __main__ | ERROR | Exception - [WinError 2] The system cannot find the file specified: 'db1' -> 'db1+1'
2026-08-30 10:14:56,622 | __main__ | ERROR | Exception - [WinError 2] The system cannot find the file specified: 'db1' -> 'db4'
2026-08-30 10:15:07,184 | __main__ | ERROR | Exception - [WinError 2] The system cannot find the file specified: 'db1' -> 'db'
2026-08-30 10:15:09,512 | __main__ | ERROR | Exception - [WinError 2] The system cannot find the file specified: 'db1' -> 'db1'
2026-08-30 10:16:07,066 | check_status | ERROR | Failed to Get File/Directory Path....
2026-08-30 10:16:07,066 | check_status | ERROR | Exception - File/Directory Does Not Exist...
2026-08-30 10:16:50,795 | check_status | INFO | Directory Passed Status Check...
2026-08-30 10:16:50,797 | __main__ | INFO | Path Renamed To ... :[C:\Users\SAMUEL\Desktop\db1]
2026-08-30 10:17:00,619 | check_status | INFO | Directory Passed Status Check...
2026-08-30 10:17:00,622 | __main__ | INFO | Path Renamed To ... :[C:\Users\SAMUEL\Desktop\db]
